U:\Documents\Documents\School\Clubs\WREC\PDR-Prep\PID-testing\PID-V1.dwg,Model,10/9/2025 4:08:43 PM,etang,DWG To PDF.pc3,ANSI A (8.50 x 11.00 Inches),1:47.6163,
U:\Documents\Documents\School\Clubs\WREC\PDR-Prep\PID-testing\PID-V1.dwg,Model,10/9/2025 4:10:37 PM,etang,DWG To PDF.pc3,ANSI A (8.50 x 11.00 Inches),1:47.6163,
U:\Documents\Documents\School\Clubs\WREC\PDR-Prep\PID-testing\PID-V1.dwg,Model,10/9/2025 7:33:40 PM,etang,DWG To PDF.pc3,ANSI A (8.50 x 11.00 Inches),1:45.6513,
U:\Documents\Documents\School\Clubs\WREC\PDR-Prep\PID-testing\PID-V4.dwg,Model,10/9/2025 7:54:52 PM,etang,DWG To PDF.pc3,ANSI A (8.50 x 11.00 Inches),1:56.7595,
U:\Documents\Documents\School\Clubs\WREC\PDR-Prep\PID-testing\PID-V4.dwg,Model,10/9/2025 8:57:14 PM,etang,DWG To PDF.pc3,ANSI A (8.50 x 11.00 Inches),1:66.9233,
U:\Documents\Documents\School\Clubs\WREC\PDR-Prep\PID-testing\PID-V4.dwg,Model,10/9/2025 9:15:55 PM,etang,DWG To PDF.pc3,ANSI A (8.50 x 11.00 Inches),1:80.8014,
U:\Documents\Documents\School\Clubs\WREC\PDR-Prep\PID-testing\PID-V4.dwg,Model,10/9/2025 9:32:49 PM,etang,DWG To PDF.pc3,ANSI A (8.50 x 11.00 Inches),1:51.8116,
U:\Documents\Documents\School\Clubs\WREC\PDR-Prep\PID-testing\PID-V4.dwg,Model,10/9/2025 9:33:20 PM,etang,DWG To PDF.pc3,ANSI A (8.50 x 11.00 Inches),1:202.759,
U:\Documents\Documents\School\Clubs\WREC\PDR-Prep\PID-testing\PID-V4.dwg,Model,10/9/2025 9:33:38 PM,etang,DWG To PDF.pc3,ANSI A (8.50 x 11.00 Inches),1:80.8014,
U:\Documents\Documents\School\Clubs\WREC\PDR-Prep\PID-testing\PID-V4.dwg,Model,10/9/2025 9:36:14 PM,etang,DWG To PDF.pc3,ANSI A (8.50 x 11.00 Inches),1:80.8014,
U:\Documents\Documents\School\Clubs\WREC\PDR-Prep\PID-testing\PID-V4.dwg,Model,10/9/2025 9:50:19 PM,etang,DWG To PDF.pc3,ANSI A (8.50 x 11.00 Inches),1:80.8014,
U:\Documents\Documents\School\Clubs\WREC\PDR-Prep\PID-testing\PID-V5.dwg,Model,11/30/2025 11:47:16 PM,etang,DWG To PDF.pc3,ANSI A (8.50 x 11.00 Inches),1:67.7996,
U:\Documents\Documents\School\Clubs\WREC\PDR-Prep\PID-testing\PID-V5.dwg,Model,12/1/2025 12:18:05 AM,etang,DWG To PDF.pc3,ANSI A (8.50 x 11.00 Inches),1:80.8112,
U:\Documents\Documents\School\Clubs\WREC\PDR-Prep\PID-testing\PID-V5.dwg,Model,12/1/2025 12:18:15 AM,etang,DWG To PDF.pc3,ANSI A (8.50 x 11.00 Inches),1:67.8037,
U:\Documents\Documents\School\Clubs\WREC\PDR-Prep\PID-testing\PID-V5.dwg,Model,12/1/2025 12:29:27 AM,etang,DWG To PDF.pc3,ANSI A (8.50 x 11.00 Inches),1:67.8037,
U:\Documents\Documents\School\Clubs\WREC\PDR-Prep\PID-testing\PID-V5.dwg,Model,12/1/2025 3:13:08 AM,etang,DWG To PDF.pc3,ANSI A (8.50 x 11.00 Inches),1:67.8016,
U:\Documents\Documents\School\Clubs\WREC\progressReport2\newPID\PID_Engine.dwg,Model,2/23/2026 11:54:42 PM,etang,PublishToWeb JPG.pc3,Previous paper size  (215.90 x 279.40 pixels),1:1.94318,
U:\Documents\Documents\School\Clubs\WREC\progressReport2\newPID\PID_Engine.dwg,Model,2/23/2026 11:55:25 PM,etang,AutoCAD PDF (High Quality Print).pc3,ANSI A (8.50 x 11.00 Inches),1:49.558,
U:\Documents\Documents\School\Clubs\WREC\progressReport2\newPID\PID_Engine.dwg,Model,2/23/2026 11:58:22 PM,etang,PublishToWeb PNG.pc3,Sun Hi-Res (1600.00 x 1280.00 Pixels),1:0.312527,
U:\Documents\Documents\School\Clubs\WREC\progressReport2\newPID\PID_Engine.dwg,Model,2/24/2026 12:33:25 AM,etang,PublishToWeb PNG.pc3,Sun Hi-Res (1600.00 x 1280.00 Pixels),1:0.312527,
U:\Documents\Documents\School\Clubs\WREC\progressReport2\newPID\PID_GSE.dwg,Model,2/24/2026 12:33:42 AM,etang,PublishToWeb PNG.pc3,Sun Hi-Res (1600.00 x 1280.00 Pixels),1:0.387519,
U:\Documents\Documents\School\Clubs\WREC\progressReport2\newPID\SonoranWildcat-PID_GSE.dwg,Model,2/24/2026 12:43:40 AM,etang,PublishToWeb PNG.pc3,Sun Hi-Res (1600.00 x 1280.00 Pixels),1:0.387556,
U:\Documents\Documents\School\Clubs\WREC\progressReport2\newPID\SonoranWildcat-PID_GSE.dwg,Model,2/24/2026 12:45:17 AM,etang,PublishToWeb PNG.pc3,Sun Hi-Res (1600.00 x 1280.00 Pixels),1:0.387556,
U:\Documents\Documents\School\Clubs\WREC\progressReport2\newPID\SystemPID.dwg,Model,2/24/2026 7:07:35 PM,etang,PublishToWeb PNG.pc3,4K UHD (3840.00 x 2160.00 Pixels),1:0.475,
U:\Documents\Documents\School\Clubs\WREC\progressReport2\newPID\SystemPID.dwg,Model,2/24/2026 7:10:14 PM,etang,PublishToWeb PNG.pc3,4K UHD (3840.00 x 2160.00 Pixels),1:0.1375,
U:\Documents\Documents\School\Clubs\WREC\progressReport2\newPID\SystemPID.dwg,Model,2/24/2026 7:11:04 PM,etang,PublishToWeb PNG.pc3,4K UHD (3840.00 x 2160.00 Pixels),1:0.475,
U:\Documents\Documents\School\Clubs\WREC\progressReport2\newPID\SystemPID.dwg,Model,2/24/2026 7:13:19 PM,etang,PublishToWeb PNG.pc3,FHD (1920.00 x 1080.00 Pixels),1:0.95,
U:\Documents\Documents\School\Clubs\WREC\progressReport2\newPID\SystemPID.dwg,Model,2/24/2026 7:14:35 PM,etang,PublishToWeb PNG.pc3,DCI 4K (4096.00 x 2160.00 Pixels),1:2.18788,
U:\Documents\Documents\School\Clubs\WREC\progressReport2\newPID\SystemPID.dwg,Model,2/24/2026 7:15:49 PM,etang,PublishToWeb PNG.pc3,DCI 4K (4096.00 x 2160.00 Pixels),1:0.445313,
U:\Documents\Documents\School\Clubs\WREC\progressReport2\newPID\SystemPID.dwg,Layout1,2/24/2026 7:18:52 PM,etang,PublishToWeb PNG.pc3,Previous paper size  (2550.00 x 3300.00 pixels),1:1,
U:\Documents\Documents\School\Clubs\WREC\progressReport2\newPID\SystemPID.dwg,Model,2/24/2026 7:20:47 PM,etang,PublishToWeb PNG.pc3,4K UHD (3840.00 x 2160.00 Pixels),1:0.22872,
U:\Documents\Documents\School\Clubs\WREC\progressReport2\newPID\SystemPID.dwg,Model,2/24/2026 7:21:35 PM,etang,PublishToWeb PNG.pc3,4K UHD (3840.00 x 2160.00 Pixels),1:0.1375,
U:\Documents\Documents\School\Clubs\WREC\progressReport2\newPID\SystemPID.dwg,Model,2/24/2026 7:22:03 PM,etang,PublishToWeb PNG.pc3,16K (15360.00 x 8640.00 Pixels),1:0.05718,
U:\Documents\Documents\School\Clubs\WREC\progressReport2\newPID\SystemPID.dwg,Layout1,2/24/2026 7:34:42 PM,etang,PublishToWeb PNG.pc3,Previous paper size  (2550.00 x 3300.00 pixels),1:1,
U:\Documents\Documents\School\Clubs\WREC\progressReport2\newPID\SystemPID.dwg,Layout1,2/24/2026 7:35:28 PM,etang,PublishToWeb PNG.pc3,Previous paper size  (2480.31 x 3507.87 pixels),11.811:1,
